[INFO] Scanning for projects...
[INFO] 
[INFO] ------------------< com.datashare:datashare-backend >-------------------
[INFO] Building datashare-backend 0.0.1-SNAPSHOT
[INFO]   from pom.xml
[INFO] --------------------------------[ jar ]---------------------------------
[INFO] 
[INFO] >>> spring-boot:4.0.0:run (default-cli) > test-compile @ datashare-backend >>>
[INFO] 
[INFO] --- jacoco:0.8.12:prepare-agent (default) @ datashare-backend ---
[INFO] argLine set to -javaagent:/home/nicolas/.m2/repository/org/jacoco/org.jacoco.agent/0.8.12/org.jacoco.agent-0.8.12-runtime.jar=destfile=/home/nicolas/OC3/ExpertDevOps-P3-DataShare-Backend/target/jacoco.exec
[INFO] 
[INFO] --- resources:3.3.1:resources (default-resources) @ datashare-backend ---
[INFO] Copying 2 resources from src/main/resources to target/classes
[INFO] Copying 1 resource from src/main/resources to target/classes
[INFO] 
[INFO] --- compiler:3.14.1:compile (default-compile) @ datashare-backend ---
[INFO] Nothing to compile - all classes are up to date.
[INFO] 
[INFO] --- resources:3.3.1:testResources (default-testResources) @ datashare-backend ---
[INFO] Copying 1 resource from src/test/resources to target/test-classes
[INFO] 
[INFO] --- compiler:3.14.1:testCompile (default-testCompile) @ datashare-backend ---
[INFO] Nothing to compile - all classes are up to date.
[INFO] 
[INFO] <<< spring-boot:4.0.0:run (default-cli) < test-compile @ datashare-backend <<<
[INFO] 
[INFO] 
[INFO] --- spring-boot:4.0.0:run (default-cli) @ datashare-backend ---
[INFO] Attaching agents: []

  .   ____          _            __ _ _
 /\\ / ___'_ __ _ _(_)_ __  __ _ \ \ \ \
( ( )\___ | '_ | '_| | '_ \/ _` | \ \ \ \
 \\/  ___)| |_)| | | | | || (_| |  ) ) ) )
  '  |____| .__|_| |_|_| |_\__, | / / / /
 =========|_|==============|___/=/_/_/_/

 :: Spring Boot ::                (v4.0.0)

2026-01-02T23:32:02.119+01:00  INFO 24884 --- [datashare-backend] [           main] c.d.backend.DatashareBackendApplication  : Starting DatashareBackendApplication using Java 21.0.9 with PID 24884 (/home/nicolas/OC3/ExpertDevOps-P3-DataShare-Backend/target/classes started by nicolas in /home/nicolas/OC3/ExpertDevOps-P3-DataShare-Backend)
2026-01-02T23:32:02.122+01:00  INFO 24884 --- [datashare-backend] [           main] c.d.backend.DatashareBackendApplication  : No active profile set, falling back to 1 default profile: "default"
2026-01-02T23:32:02.657+01:00  INFO 24884 --- [datashare-backend] [           main] .s.d.r.c.RepositoryConfigurationDelegate : Bootstrapping Spring Data JPA repositories in DEFAULT mode.
2026-01-02T23:32:02.703+01:00  INFO 24884 --- [datashare-backend] [           main] .s.d.r.c.RepositoryConfigurationDelegate : Finished Spring Data repository scanning in 39 ms. Found 3 JPA repository interfaces.
2026-01-02T23:32:03.166+01:00  INFO 24884 --- [datashare-backend] [           main] o.s.boot.tomcat.TomcatWebServer          : Tomcat initialized with port 8080 (http)
2026-01-02T23:32:03.177+01:00  INFO 24884 --- [datashare-backend] [           main] o.apache.catalina.core.StandardService   : Starting service [Tomcat]
2026-01-02T23:32:03.178+01:00  INFO 24884 --- [datashare-backend] [           main] o.apache.catalina.core.StandardEngine    : Starting Servlet engine: [Apache Tomcat/11.0.14]
2026-01-02T23:32:03.212+01:00  INFO 24884 --- [datashare-backend] [           main] b.w.c.s.WebApplicationContextInitializer : Root WebApplicationContext: initialization completed in 1048 ms
2026-01-02T23:32:03.305+01:00  INFO 24884 --- [datashare-backend] [           main] o.hibernate.jpa.internal.util.LogHelper  : HHH000204: Processing PersistenceUnitInfo [name: default]
2026-01-02T23:32:03.338+01:00  INFO 24884 --- [datashare-backend] [           main] org.hibernate.Version                    : HHH000412: Hibernate ORM core version 7.1.8.Final
2026-01-02T23:32:03.634+01:00  INFO 24884 --- [datashare-backend] [           main] o.s.o.j.p.SpringPersistenceUnitInfo      : No LoadTimeWeaver setup: ignoring JPA class transformer
2026-01-02T23:32:03.657+01:00  INFO 24884 --- [datashare-backend] [           main] com.zaxxer.hikari.HikariDataSource       : HikariPool-1 - Starting...
2026-01-02T23:32:03.788+01:00  INFO 24884 --- [datashare-backend] [           main] com.zaxxer.hikari.pool.HikariPool        : HikariPool-1 - Added connection org.postgresql.jdbc.PgConnection@432a6a69
2026-01-02T23:32:03.789+01:00  INFO 24884 --- [datashare-backend] [           main] com.zaxxer.hikari.HikariDataSource       : HikariPool-1 - Start completed.
2026-01-02T23:32:03.816+01:00  WARN 24884 --- [datashare-backend] [           main] org.hibernate.orm.deprecation            : HHH90000025: PostgreSQLDialect does not need to be specified explicitly using 'hibernate.dialect' (remove the property setting and it will be selected by default)
2026-01-02T23:32:03.833+01:00  INFO 24884 --- [datashare-backend] [           main] org.hibernate.orm.connections.pooling    : HHH10001005: Database info:
	Database JDBC URL [jdbc:postgresql://localhost:5432/datashare]
	Database driver: PostgreSQL JDBC Driver
	Database dialect: PostgreSQLDialect
	Database version: 16.11
	Default catalog/schema: datashare/public
	Autocommit mode: undefined/unknown
	Isolation level: READ_COMMITTED [default READ_COMMITTED]
	JDBC fetch size: none
	Pool: DatasourceConnectionProviderImpl
	Minimum pool size: undefined/unknown
	Maximum pool size: undefined/unknown
2026-01-02T23:32:04.730+01:00  INFO 24884 --- [datashare-backend] [           main] o.h.e.t.j.p.i.JtaPlatformInitiator       : HHH000489: No JTA platform available (set 'hibernate.transaction.jta.platform' to enable JTA platform integration)
2026-01-02T23:32:04.842+01:00  INFO 24884 --- [datashare-backend] [           main] j.LocalContainerEntityManagerFactoryBean : Initialized JPA EntityManagerFactory for persistence unit 'default'
2026-01-02T23:32:04.892+01:00  INFO 24884 --- [datashare-backend] [           main] o.s.d.j.r.query.QueryEnhancerFactories   : Hibernate is in classpath; If applicable, HQL parser will be used.
2026-01-02T23:32:05.087+01:00  INFO 24884 --- [datashare-backend] [           main] eAuthenticationProviderManagerConfigurer : Global AuthenticationManager configured with AuthenticationProvider bean with name authenticationProvider
2026-01-02T23:32:05.088+01:00  WARN 24884 --- [datashare-backend] [           main] r$InitializeUserDetailsManagerConfigurer : Global AuthenticationManager configured with an AuthenticationProvider bean. UserDetailsService beans will not be used by Spring Security for automatically configuring username/password login. Consider removing the AuthenticationProvider bean. Alternatively, consider using the UserDetailsService in a manually instantiated DaoAuthenticationProvider. If the current configuration is intentional, to turn off this warning, increase the logging level of 'org.springframework.security.config.annotation.authentication.configuration.InitializeUserDetailsBeanManagerConfigurer' to ERROR
2026-01-02T23:32:05.185+01:00  WARN 24884 --- [datashare-backend] [           main] JpaBaseConfiguration$JpaWebConfiguration : spring.jpa.open-in-view is enabled by default. Therefore, database queries may be performed during view rendering. Explicitly configure spring.jpa.open-in-view to disable this warning
2026-01-02T23:32:05.604+01:00  INFO 24884 --- [datashare-backend] [           main] o.s.boot.tomcat.TomcatWebServer          : Tomcat started on port 8080 (http) with context path '/'
2026-01-02T23:32:05.612+01:00  INFO 24884 --- [datashare-backend] [           main] c.d.backend.DatashareBackendApplication  : Started DatashareBackendApplication in 3.863 seconds (process running for 4.12)
2026-01-02T23:32:57.540+01:00  INFO 24884 --- [datashare-backend] [nio-8080-exec-1] o.a.c.c.C.[Tomcat].[localhost].[/]       : Initializing Spring DispatcherServlet 'dispatcherServlet'
2026-01-02T23:32:57.540+01:00  INFO 24884 --- [datashare-backend] [nio-8080-exec-1] o.s.web.servlet.DispatcherServlet        : Initializing Servlet 'dispatcherServlet'
2026-01-02T23:32:57.541+01:00  INFO 24884 --- [datashare-backend] [nio-8080-exec-1] o.s.web.servlet.DispatcherServlet        : Completed initialization in 1 ms
2026-01-02T23:32:57.569+01:00  INFO 24884 --- [datashare-backend] [nio-8080-exec-2] c.d.b.security.jwt.AuthTokenFilter       : DEBUG: Incoming Request URI: /api/auth/login
2026-01-02T23:32:57.632+01:00  INFO 24884 --- [datashare-backend] [nio-8080-exec-2] c.d.backend.controllers.AuthController   : DEBUG: Login attempt for: nicolas@jenny.com
Hibernate: 
    select
        au1_0.id,
        au1_0.created_at,
        au1_0.email,
        au1_0.password_hash 
    from
        app_user au1_0 
    where
        au1_0.email=?
2026-01-02T23:32:58.106+01:00 ERROR 24884 --- [datashare-backend] [nio-8080-exec-2] c.d.backend.controllers.AuthController   : DEBUG: Authentication failed for nicolas@jenny.com: Bad credentials
2026-01-02T23:32:58.109+01:00 ERROR 24884 --- [datashare-backend] [nio-8080-exec-2] c.d.b.security.jwt.AuthEntryPointJwt     : Unauthorized error: Bad credentials
2026-01-02T23:32:58.113+01:00 ERROR 24884 --- [datashare-backend] [nio-8080-exec-2] c.d.b.security.jwt.AuthEntryPointJwt     : Unauthorized error: Full authentication is required to access this resource
2026-01-02T23:33:12.238+01:00  INFO 24884 --- [datashare-backend] [nio-8080-exec-4] c.d.b.security.jwt.AuthTokenFilter       : DEBUG: Incoming Request URI: /api/auth/register
Hibernate: 
    select
        au1_0.id 
    from
        app_user au1_0 
    where
        au1_0.email=? 
    fetch
        first ? rows only
Hibernate: 
    insert 
    into
        app_user
        (created_at, email, password_hash) 
    values
        (?, ?, ?)
2026-01-02T23:33:29.936+01:00  INFO 24884 --- [datashare-backend] [nio-8080-exec-6] c.d.b.security.jwt.AuthTokenFilter       : DEBUG: Incoming Request URI: /api/auth/login
2026-01-02T23:33:29.938+01:00  INFO 24884 --- [datashare-backend] [nio-8080-exec-6] c.d.backend.controllers.AuthController   : DEBUG: Login attempt for: test@test.com
Hibernate: 
    select
        au1_0.id,
        au1_0.created_at,
        au1_0.email,
        au1_0.password_hash 
    from
        app_user au1_0 
    where
        au1_0.email=?
DEBUG: Found user in DB: test@test.com
DEBUG: Stored Hash: $2a$10$cxUY77z7NXtnCWqvGdZhUuC7ov4wQTM6eEMgSztUZhw8iaV8kzA0a
Hibernate: 
    select
        au1_0.id,
        au1_0.created_at,
        au1_0.email,
        au1_0.password_hash 
    from
        app_user au1_0 
    where
        au1_0.email=?
2026-01-02T23:33:30.103+01:00  INFO 24884 --- [datashare-backend] [nio-8080-exec-8] c.d.b.security.jwt.AuthTokenFilter       : DEBUG: Incoming Request URI: /api/files
Hibernate: 
    select
        au1_0.id,
        au1_0.created_at,
        au1_0.email,
        au1_0.password_hash 
    from
        app_user au1_0 
    where
        au1_0.email=?
DEBUG: Found user in DB: test@test.com
DEBUG: Stored Hash: $2a$10$cxUY77z7NXtnCWqvGdZhUuC7ov4wQTM6eEMgSztUZhw8iaV8kzA0a
Hibernate: 
    select
        au1_0.id,
        au1_0.created_at,
        au1_0.email,
        au1_0.password_hash 
    from
        app_user au1_0 
    where
        au1_0.email=?
Hibernate: 
    select
        f1_0.id,
        f1_0.created_at,
        f1_0.expiration_date,
        f1_0.original_name,
        f1_0.owner_id,
        f1_0.password_hash,
        f1_0.size,
        f1_0.storage_path 
    from
        file_uploads f1_0 
    where
        f1_0.owner_id=?
FileController: getListFiles called for user test@test.com. Found 0 files.
2026-01-02T23:33:45.195+01:00  INFO 24884 --- [datashare-backend] [io-8080-exec-10] c.d.b.security.jwt.AuthTokenFilter       : DEBUG: Incoming Request URI: /api/files/upload
Hibernate: 
    select
        au1_0.id,
        au1_0.created_at,
        au1_0.email,
        au1_0.password_hash 
    from
        app_user au1_0 
    where
        au1_0.email=?
DEBUG: Found user in DB: test@test.com
DEBUG: Stored Hash: $2a$10$cxUY77z7NXtnCWqvGdZhUuC7ov4wQTM6eEMgSztUZhw8iaV8kzA0a
Hibernate: 
    select
        au1_0.id,
        au1_0.created_at,
        au1_0.email,
        au1_0.password_hash 
    from
        app_user au1_0 
    where
        au1_0.email=?
Hibernate: 
    insert 
    into
        file_uploads
        (created_at, expiration_date, original_name, owner_id, password_hash, size, storage_path) 
    values
        (?, ?, ?, ?, ?, ?, ?)
Hibernate: 
    insert 
    into
        share
        (download_count, file_id, unique_token) 
    values
        (?, ?, ?)
2026-01-02T23:33:56.485+01:00  INFO 24884 --- [datashare-backend] [nio-8080-exec-2] c.d.b.security.jwt.AuthTokenFilter       : DEBUG: Incoming Request URI: /api/files
Hibernate: 
    select
        au1_0.id,
        au1_0.created_at,
        au1_0.email,
        au1_0.password_hash 
    from
        app_user au1_0 
    where
        au1_0.email=?
DEBUG: Found user in DB: test@test.com
DEBUG: Stored Hash: $2a$10$cxUY77z7NXtnCWqvGdZhUuC7ov4wQTM6eEMgSztUZhw8iaV8kzA0a
Hibernate: 
    select
        au1_0.id,
        au1_0.created_at,
        au1_0.email,
        au1_0.password_hash 
    from
        app_user au1_0 
    where
        au1_0.email=?
Hibernate: 
    select
        f1_0.id,
        f1_0.created_at,
        f1_0.expiration_date,
        f1_0.original_name,
        f1_0.owner_id,
        f1_0.password_hash,
        f1_0.size,
        f1_0.storage_path 
    from
        file_uploads f1_0 
    where
        f1_0.owner_id=?
FileController: getListFiles called for user test@test.com. Found 1 files.
Hibernate: 
    select
        s1_0.id,
        s1_0.download_count,
        s1_0.file_id,
        s1_0.unique_token 
    from
        share s1_0 
    where
        s1_0.file_id=?
Hibernate: 
    select
        t1_0.file_id,
        t1_0.tag 
    from
        file_tags t1_0 
    where
        t1_0.file_id=?
2026-01-02T23:33:59.879+01:00  INFO 24884 --- [datashare-backend] [nio-8080-exec-4] c.d.b.security.jwt.AuthTokenFilter       : DEBUG: Incoming Request URI: /api/files/1/tags
Hibernate: 
    select
        au1_0.id,
        au1_0.created_at,
        au1_0.email,
        au1_0.password_hash 
    from
        app_user au1_0 
    where
        au1_0.email=?
DEBUG: Found user in DB: test@test.com
DEBUG: Stored Hash: $2a$10$cxUY77z7NXtnCWqvGdZhUuC7ov4wQTM6eEMgSztUZhw8iaV8kzA0a
Hibernate: 
    select
        au1_0.id,
        au1_0.created_at,
        au1_0.email,
        au1_0.password_hash 
    from
        app_user au1_0 
    where
        au1_0.email=?
Hibernate: 
    select
        f1_0.id,
        f1_0.created_at,
        f1_0.expiration_date,
        f1_0.original_name,
        f1_0.owner_id,
        f1_0.password_hash,
        f1_0.size,
        f1_0.storage_path 
    from
        file_uploads f1_0 
    where
        f1_0.id=?
Hibernate: 
    select
        t1_0.file_id,
        t1_0.tag 
    from
        file_tags t1_0 
    where
        t1_0.file_id=?
Hibernate: 
    insert 
    into
        file_tags
        (file_id, tag) 
    values
        (?, ?)
2026-01-02T23:34:12.722+01:00  INFO 24884 --- [datashare-backend] [nio-8080-exec-6] c.d.b.security.jwt.AuthTokenFilter       : DEBUG: Incoming Request URI: /api/files/delete/1
Hibernate: 
    select
        au1_0.id,
        au1_0.created_at,
        au1_0.email,
        au1_0.password_hash 
    from
        app_user au1_0 
    where
        au1_0.email=?
DEBUG: Found user in DB: test@test.com
DEBUG: Stored Hash: $2a$10$cxUY77z7NXtnCWqvGdZhUuC7ov4wQTM6eEMgSztUZhw8iaV8kzA0a
Hibernate: 
    select
        au1_0.id,
        au1_0.created_at,
        au1_0.email,
        au1_0.password_hash 
    from
        app_user au1_0 
    where
        au1_0.email=?
Hibernate: 
    select
        f1_0.id,
        f1_0.created_at,
        f1_0.expiration_date,
        f1_0.original_name,
        f1_0.owner_id,
        f1_0.password_hash,
        f1_0.size,
        f1_0.storage_path 
    from
        file_uploads f1_0 
    where
        f1_0.id=?
Hibernate: 
    select
        s1_0.file_id,
        s1_0.id,
        s1_0.download_count,
        s1_0.unique_token 
    from
        share s1_0 
    where
        s1_0.file_id=?
Hibernate: 
    delete 
    from
        file_tags 
    where
        file_id=?
Hibernate: 
    delete 
    from
        share 
    where
        id=?
Hibernate: 
    delete 
    from
        file_uploads 
    where
        id=?
2026-01-02T23:34:12.855+01:00  INFO 24884 --- [datashare-backend] [nio-8080-exec-8] c.d.b.security.jwt.AuthTokenFilter       : DEBUG: Incoming Request URI: /api/files
Hibernate: 
    select
        au1_0.id,
        au1_0.created_at,
        au1_0.email,
        au1_0.password_hash 
    from
        app_user au1_0 
    where
        au1_0.email=?
DEBUG: Found user in DB: test@test.com
DEBUG: Stored Hash: $2a$10$cxUY77z7NXtnCWqvGdZhUuC7ov4wQTM6eEMgSztUZhw8iaV8kzA0a
Hibernate: 
    select
        au1_0.id,
        au1_0.created_at,
        au1_0.email,
        au1_0.password_hash 
    from
        app_user au1_0 
    where
        au1_0.email=?
Hibernate: 
    select
        f1_0.id,
        f1_0.created_at,
        f1_0.expiration_date,
        f1_0.original_name,
        f1_0.owner_id,
        f1_0.password_hash,
        f1_0.size,
        f1_0.storage_path 
    from
        file_uploads f1_0 
    where
        f1_0.owner_id=?
FileController: getListFiles called for user test@test.com. Found 0 files.
2026-01-02T23:34:19.129+01:00  INFO 24884 --- [datashare-backend] [io-8080-exec-10] c.d.b.security.jwt.AuthTokenFilter       : DEBUG: Incoming Request URI: /api/files/upload
Hibernate: 
    select
        au1_0.id,
        au1_0.created_at,
        au1_0.email,
        au1_0.password_hash 
    from
        app_user au1_0 
    where
        au1_0.email=?
DEBUG: Found user in DB: test@test.com
DEBUG: Stored Hash: $2a$10$cxUY77z7NXtnCWqvGdZhUuC7ov4wQTM6eEMgSztUZhw8iaV8kzA0a
Hibernate: 
    select
        au1_0.id,
        au1_0.created_at,
        au1_0.email,
        au1_0.password_hash 
    from
        app_user au1_0 
    where
        au1_0.email=?
Hibernate: 
    insert 
    into
        file_uploads
        (created_at, expiration_date, original_name, owner_id, password_hash, size, storage_path) 
    values
        (?, ?, ?, ?, ?, ?, ?)
Hibernate: 
    insert 
    into
        share
        (download_count, file_id, unique_token) 
    values
        (?, ?, ?)
2026-01-02T23:34:29.645+01:00  INFO 24884 --- [datashare-backend] [nio-8080-exec-2] c.d.b.security.jwt.AuthTokenFilter       : DEBUG: Incoming Request URI: /api/files
Hibernate: 
    select
        au1_0.id,
        au1_0.created_at,
        au1_0.email,
        au1_0.password_hash 
    from
        app_user au1_0 
    where
        au1_0.email=?
DEBUG: Found user in DB: test@test.com
DEBUG: Stored Hash: $2a$10$cxUY77z7NXtnCWqvGdZhUuC7ov4wQTM6eEMgSztUZhw8iaV8kzA0a
Hibernate: 
    select
        au1_0.id,
        au1_0.created_at,
        au1_0.email,
        au1_0.password_hash 
    from
        app_user au1_0 
    where
        au1_0.email=?
Hibernate: 
    select
        f1_0.id,
        f1_0.created_at,
        f1_0.expiration_date,
        f1_0.original_name,
        f1_0.owner_id,
        f1_0.password_hash,
        f1_0.size,
        f1_0.storage_path 
    from
        file_uploads f1_0 
    where
        f1_0.owner_id=?
FileController: getListFiles called for user test@test.com. Found 1 files.
Hibernate: 
    select
        s1_0.id,
        s1_0.download_count,
        s1_0.file_id,
        s1_0.unique_token 
    from
        share s1_0 
    where
        s1_0.file_id=?
Hibernate: 
    select
        t1_0.file_id,
        t1_0.tag 
    from
        file_tags t1_0 
    where
        t1_0.file_id=?
2026-01-02T23:34:48.865+01:00  INFO 24884 --- [datashare-backend] [nio-8080-exec-4] c.d.b.security.jwt.AuthTokenFilter       : DEBUG: Incoming Request URI: /api/share/e8960603-3341-4809-9fe6-b3963b1bfc0a
Hibernate: 
    select
        au1_0.id,
        au1_0.created_at,
        au1_0.email,
        au1_0.password_hash 
    from
        app_user au1_0 
    where
        au1_0.email=?
DEBUG: Found user in DB: test@test.com
DEBUG: Stored Hash: $2a$10$cxUY77z7NXtnCWqvGdZhUuC7ov4wQTM6eEMgSztUZhw8iaV8kzA0a
Hibernate: 
    select
        s1_0.id,
        s1_0.download_count,
        f1_0.id,
        f1_0.created_at,
        f1_0.expiration_date,
        f1_0.original_name,
        f1_0.owner_id,
        f1_0.password_hash,
        f1_0.size,
        f1_0.storage_path,
        s1_0.unique_token 
    from
        share s1_0 
    left join
        file_uploads f1_0 
            on f1_0.id=s1_0.file_id 
    where
        s1_0.unique_token=?
2026-01-02T23:34:50.435+01:00  INFO 24884 --- [datashare-backend] [nio-8080-exec-5] c.d.b.security.jwt.AuthTokenFilter       : DEBUG: Incoming Request URI: /api/download/e8960603-3341-4809-9fe6-b3963b1bfc0a
Hibernate: 
    select
        s1_0.id,
        s1_0.download_count,
        f1_0.id,
        f1_0.created_at,
        f1_0.expiration_date,
        f1_0.original_name,
        f1_0.owner_id,
        f1_0.password_hash,
        f1_0.size,
        f1_0.storage_path,
        s1_0.unique_token 
    from
        share s1_0 
    left join
        file_uploads f1_0 
            on f1_0.id=s1_0.file_id 
    where
        s1_0.unique_token=?
Hibernate: 
    update
        share 
    set
        download_count=?,
        file_id=?,
        unique_token=? 
    where
        id=?
Running scheduled file cleanup task at 2026-01-02T23:58:43.015979972
Hibernate: 
    select
        f1_0.id,
        f1_0.created_at,
        f1_0.expiration_date,
        f1_0.original_name,
        f1_0.owner_id,
        f1_0.password_hash,
        f1_0.size,
        f1_0.storage_path 
    from
        file_uploads f1_0 
    where
        f1_0.expiration_date<?
No expired files to clean up.
