[INFO] Scanning for projects...
[INFO] 
[INFO] ------------------< com.datashare:datashare-backend >-------------------
[INFO] Building datashare-backend 0.0.1-SNAPSHOT
[INFO]   from pom.xml
[INFO] --------------------------------[ jar ]---------------------------------
[INFO] 
[INFO] >>> spring-boot:4.0.0:run (default-cli) > test-compile @ datashare-backend >>>
[INFO] 
[INFO] --- jacoco:0.8.12:prepare-agent (default) @ datashare-backend ---
[INFO] argLine set to -javaagent:/home/nicolas/.m2/repository/org/jacoco/org.jacoco.agent/0.8.12/org.jacoco.agent-0.8.12-runtime.jar=destfile=/home/nicolas/OC3/ExpertDevOps-P3-DataShare-Backend/target/jacoco.exec
[INFO] 
[INFO] --- resources:3.3.1:resources (default-resources) @ datashare-backend ---
[INFO] Copying 2 resources from src/main/resources to target/classes
[INFO] Copying 1 resource from src/main/resources to target/classes
[INFO] 
[INFO] --- compiler:3.14.1:compile (default-compile) @ datashare-backend ---
[INFO] Nothing to compile - all classes are up to date.
[INFO] 
[INFO] --- resources:3.3.1:testResources (default-testResources) @ datashare-backend ---
[INFO] Copying 1 resource from src/test/resources to target/test-classes
[INFO] 
[INFO] --- compiler:3.14.1:testCompile (default-testCompile) @ datashare-backend ---
[INFO] Nothing to compile - all classes are up to date.
[INFO] 
[INFO] <<< spring-boot:4.0.0:run (default-cli) < test-compile @ datashare-backend <<<
[INFO] 
[INFO] 
[INFO] --- spring-boot:4.0.0:run (default-cli) @ datashare-backend ---
[INFO] Attaching agents: []

  .   ____          _            __ _ _
 /\\ / ___'_ __ _ _(_)_ __  __ _ \ \ \ \
( ( )\___ | '_ | '_| | '_ \/ _` | \ \ \ \
 \\/  ___)| |_)| | | | | || (_| |  ) ) ) )
  '  |____| .__|_| |_|_| |_\__, | / / / /
 =========|_|==============|___/=/_/_/_/

 :: Spring Boot ::                (v4.0.0)

2026-01-02T23:30:10.740+01:00  INFO 23434 --- [datashare-backend] [           main] c.d.backend.DatashareBackendApplication  : Starting DatashareBackendApplication using Java 21.0.9 with PID 23434 (/home/nicolas/OC3/ExpertDevOps-P3-DataShare-Backend/target/classes started by nicolas in /home/nicolas/OC3/ExpertDevOps-P3-DataShare-Backend)
2026-01-02T23:30:10.743+01:00  INFO 23434 --- [datashare-backend] [           main] c.d.backend.DatashareBackendApplication  : No active profile set, falling back to 1 default profile: "default"
2026-01-02T23:30:11.382+01:00  INFO 23434 --- [datashare-backend] [           main] .s.d.r.c.RepositoryConfigurationDelegate : Bootstrapping Spring Data JPA repositories in DEFAULT mode.
2026-01-02T23:30:11.428+01:00  INFO 23434 --- [datashare-backend] [           main] .s.d.r.c.RepositoryConfigurationDelegate : Finished Spring Data repository scanning in 39 ms. Found 3 JPA repository interfaces.
2026-01-02T23:30:11.857+01:00  INFO 23434 --- [datashare-backend] [           main] o.s.boot.tomcat.TomcatWebServer          : Tomcat initialized with port 8080 (http)
2026-01-02T23:30:11.870+01:00  INFO 23434 --- [datashare-backend] [           main] o.apache.catalina.core.StandardService   : Starting service [Tomcat]
2026-01-02T23:30:11.870+01:00  INFO 23434 --- [datashare-backend] [           main] o.apache.catalina.core.StandardEngine    : Starting Servlet engine: [Apache Tomcat/11.0.14]
2026-01-02T23:30:11.904+01:00  INFO 23434 --- [datashare-backend] [           main] b.w.c.s.WebApplicationContextInitializer : Root WebApplicationContext: initialization completed in 1121 ms
2026-01-02T23:30:11.999+01:00  INFO 23434 --- [datashare-backend] [           main] o.hibernate.jpa.internal.util.LogHelper  : HHH000204: Processing PersistenceUnitInfo [name: default]
2026-01-02T23:30:12.030+01:00  INFO 23434 --- [datashare-backend] [           main] org.hibernate.Version                    : HHH000412: Hibernate ORM core version 7.1.8.Final
2026-01-02T23:30:12.339+01:00  INFO 23434 --- [datashare-backend] [           main] o.s.o.j.p.SpringPersistenceUnitInfo      : No LoadTimeWeaver setup: ignoring JPA class transformer
2026-01-02T23:30:12.361+01:00  INFO 23434 --- [datashare-backend] [           main] com.zaxxer.hikari.HikariDataSource       : HikariPool-1 - Starting...
2026-01-02T23:30:12.482+01:00  INFO 23434 --- [datashare-backend] [           main] com.zaxxer.hikari.pool.HikariPool        : HikariPool-1 - Added connection org.postgresql.jdbc.PgConnection@432a6a69
2026-01-02T23:30:12.484+01:00  INFO 23434 --- [datashare-backend] [           main] com.zaxxer.hikari.HikariDataSource       : HikariPool-1 - Start completed.
2026-01-02T23:30:12.507+01:00  WARN 23434 --- [datashare-backend] [           main] org.hibernate.orm.deprecation            : HHH90000025: PostgreSQLDialect does not need to be specified explicitly using 'hibernate.dialect' (remove the property setting and it will be selected by default)
2026-01-02T23:30:12.523+01:00  INFO 23434 --- [datashare-backend] [           main] org.hibernate.orm.connections.pooling    : HHH10001005: Database info:
	Database JDBC URL [jdbc:postgresql://localhost:5432/datashare]
	Database driver: PostgreSQL JDBC Driver
	Database dialect: PostgreSQLDialect
	Database version: 16.11
	Default catalog/schema: datashare/public
	Autocommit mode: undefined/unknown
	Isolation level: READ_COMMITTED [default READ_COMMITTED]
	JDBC fetch size: none
	Pool: DatasourceConnectionProviderImpl
	Minimum pool size: undefined/unknown
	Maximum pool size: undefined/unknown
2026-01-02T23:30:13.338+01:00  INFO 23434 --- [datashare-backend] [           main] o.h.e.t.j.p.i.JtaPlatformInitiator       : HHH000489: No JTA platform available (set 'hibernate.transaction.jta.platform' to enable JTA platform integration)
Hibernate: 
    set client_min_messages = WARNING
Hibernate: 
    alter table if exists file_tags 
       drop constraint if exists FKfyxv6dcwxyd07oq5g6nvdqi9i
Hibernate: 
    alter table if exists file_uploads 
       drop constraint if exists FKs69sq5701kwxv66adya5bgcwf
Hibernate: 
    alter table if exists share 
       drop constraint if exists FK4whlevrfl1pmme9757smp5sax
Hibernate: 
    drop table if exists app_user cascade
Hibernate: 
    drop table if exists file_tags cascade
Hibernate: 
    drop table if exists file_uploads cascade
Hibernate: 
    drop table if exists share cascade
Hibernate: 
    create table app_user (
        created_at timestamp(6),
        id bigint generated by default as identity,
        email varchar(255) not null unique,
        password_hash varchar(255),
        primary key (id)
    )
Hibernate: 
    create table file_tags (
        file_id bigint not null,
        tag varchar(30)
    )
Hibernate: 
    create table file_uploads (
        created_at timestamp(6),
        expiration_date timestamp(6),
        id bigint generated by default as identity,
        owner_id bigint,
        size bigint,
        original_name varchar(255),
        password_hash varchar(255),
        storage_path varchar(255) unique,
        primary key (id)
    )
Hibernate: 
    create table share (
        download_count integer,
        file_id bigint,
        id bigint generated by default as identity,
        unique_token varchar(255) not null unique,
        primary key (id)
    )
Hibernate: 
    alter table if exists file_tags 
       add constraint FKfyxv6dcwxyd07oq5g6nvdqi9i 
       foreign key (file_id) 
       references file_uploads
Hibernate: 
    alter table if exists file_uploads 
       add constraint FKs69sq5701kwxv66adya5bgcwf 
       foreign key (owner_id) 
       references app_user
Hibernate: 
    alter table if exists share 
       add constraint FK4whlevrfl1pmme9757smp5sax 
       foreign key (file_id) 
       references file_uploads
2026-01-02T23:30:13.519+01:00  INFO 23434 --- [datashare-backend] [           main] j.LocalContainerEntityManagerFactoryBean : Initialized JPA EntityManagerFactory for persistence unit 'default'
2026-01-02T23:30:13.579+01:00  INFO 23434 --- [datashare-backend] [           main] o.s.d.j.r.query.QueryEnhancerFactories   : Hibernate is in classpath; If applicable, HQL parser will be used.
2026-01-02T23:30:13.817+01:00  INFO 23434 --- [datashare-backend] [           main] eAuthenticationProviderManagerConfigurer : Global AuthenticationManager configured with AuthenticationProvider bean with name authenticationProvider
2026-01-02T23:30:13.819+01:00  WARN 23434 --- [datashare-backend] [           main] r$InitializeUserDetailsManagerConfigurer : Global AuthenticationManager configured with an AuthenticationProvider bean. UserDetailsService beans will not be used by Spring Security for automatically configuring username/password login. Consider removing the AuthenticationProvider bean. Alternatively, consider using the UserDetailsService in a manually instantiated DaoAuthenticationProvider. If the current configuration is intentional, to turn off this warning, increase the logging level of 'org.springframework.security.config.annotation.authentication.configuration.InitializeUserDetailsBeanManagerConfigurer' to ERROR
2026-01-02T23:30:13.977+01:00  WARN 23434 --- [datashare-backend] [           main] JpaBaseConfiguration$JpaWebConfiguration : spring.jpa.open-in-view is enabled by default. Therefore, database queries may be performed during view rendering. Explicitly configure spring.jpa.open-in-view to disable this warning
2026-01-02T23:30:14.582+01:00  INFO 23434 --- [datashare-backend] [           main] o.s.boot.tomcat.TomcatWebServer          : Tomcat started on port 8080 (http) with context path '/'
2026-01-02T23:30:14.591+01:00  INFO 23434 --- [datashare-backend] [           main] c.d.backend.DatashareBackendApplication  : Started DatashareBackendApplication in 4.23 seconds (process running for 4.499)
[INFO] ------------------------------------------------------------------------
[INFO] BUILD FAILURE
[INFO] ------------------------------------------------------------------------
[INFO] Total time:  01:49 min
[INFO] Finished at: 2026-01-02T23:31:58+01:00
[INFO] ------------------------------------------------------------------------
[ERROR] Failed to execute goal org.springframework.boot:spring-boot-maven-plugin:4.0.0:run (default-cli) on project datashare-backend: Process terminated with exit code: 137 -> [Help 1]
[ERROR] 
[ERROR] To see the full stack trace of the errors, re-run Maven with the -e switch.
[ERROR] Re-run Maven using the -X switch to enable full debug logging.
[ERROR] 
[ERROR] For more information about the errors and possible solutions, please read the following articles:
[ERROR] [Help 1] http://cwiki.apache.org/confluence/display/MAVEN/MojoExecutionException
